// Jest Snapshot v1, https://goo.gl/fbAQLP

exports[`Link renders children 1`] = `
Array [
  <a
    className="link is-active"
    href="#/"
    onClick={[Function]}
  >
    Home
  </a>,
  <a
    className="link "
    href="#/sub"
    onClick={[Function]}
  >
    Sub
  </a>,
]
`;
